Analyzing inventory_app...                                      

warning - Unused import: '../models/product_model.dart'. Try removing the import directive - lib\repositories\product_repository.dart:1:8 - unused_import
warning - The '?' is unnecessary because 'dynamic' is nullable without it - lib\repositories\product_repository.dart:14:24 - unnecessary_question_mark
   info - 'withOpacity' is deprecated and shouldn't be used. Use .withValues() to avoid precision loss. Try replacing the use of the deprecated member with the replacement - lib\screens\admin_dashboard_screen.dart:153:24 - deprecated_member_use
   info - 'withOpacity' is deprecated and shouldn't be used. Use .withValues() to avoid precision loss. Try replacing the use of the deprecated member with the replacement - lib\screens\admin_dashboard_screen.dart:155:43 - deprecated_member_use
   info - The imported package 'excel' isn't a dependency of the importing package. Try adding a dependency for 'excel' in the 'pubspec.yaml' file - lib\services\export\excel_export_service.dart:2:8 - depend_on_referenced_packages
  error - Target of URI doesn't exist: 'package:excel/excel.dart'. Try creating the file referenced by the URI, or try using a URI for a file that does exist - lib\services\export\excel_export_service.dart:2:8 - uri_does_not_exist
  error - Undefined name 'Excel'. Try correcting the name to one that is defined, or defining the name - lib\services\export\excel_export_service.dart:12:19 - undefined_identifier
  error - Undefined name 'CellIndex'. Try correcting the name to one that is defined, or defining the name - lib\services\export\excel_export_service.dart:15:17 - undefined_identifier
  error - Undefined name 'CellIndex'. Try correcting the name to one that is defined, or defining the name - lib\services\export\excel_export_service.dart:15:48 - undefined_identifier
  error - Undefined name 'CellIndex'. Try correcting the name to one that is defined, or defining the name - lib\services\export\excel_export_service.dart:16:16 - undefined_identifier
  error - The method 'TextCellValue' isn't defined for the type 'ExcelExportService'. Try correcting the name to the name of an existing method, or defining a method named 'TextCellValue' - lib\services\export\excel_export_service.dart:17:17 - undefined_method
  error - The method 'CellStyle' isn't defined for the type 'ExcelExportService'. Try correcting the name to the name of an existing method, or defining a method named 'CellStyle' - lib\services\export\excel_export_service.dart:18:21 - undefined_method
  error - Undefined name 'HorizontalAlign'. Try correcting the name to one that is defined, or defining the name - lib\services\export\excel_export_service.dart:21:26 - undefined_identifier
  error - Undefined name 'ExcelColor'. Try correcting the name to one that is defined, or defining the name - lib\services\export\excel_export_service.dart:22:29 - undefined_identifier
  error - Undefined name 'ExcelColor'. Try correcting the name to one that is defined, or defining the name - lib\services\export\excel_export_service.dart:23:23 - undefined_identifier
  error - The method 'TextCellValue' isn't defined for the type 'ExcelExportService'. Try correcting the name to the name of an existing method, or defining a method named 'TextCellValue' - lib\services\export\excel_export_service.dart:28:40 - undefined_method
  error - Undefined name 'CellIndex'. Try correcting the name to one that is defined, or defining the name - lib\services\export\excel_export_service.dart:31:31 - undefined_identifier
  error - The method 'CellStyle' isn't defined for the type 'ExcelExportService'. Try correcting the name to the name of an existing method, or defining a method named 'CellStyle' - lib\services\export\excel_export_service.dart:32:24 - undefined_method
  error - Undefined name 'ExcelColor'. Try correcting the name to one that is defined, or defining the name - lib\services\export\excel_export_service.dart:34:29 - undefined_identifier
  error - Undefined name 'HorizontalAlign'. Try correcting the name to one that is defined, or defining the name - lib\services\export\excel_export_service.dart:35:26 - undefined_identifier
  error - The getter 'countedQuantity' isn't defined for the type 'StocktakeModel'. Try importing the library that defines 'countedQuantity', correcting the name to the name of an existing getter, or defining a getter or field named 'countedQuantity' - lib\services\export\excel_export_service.dart:46:33 - undefined_getter
  error - Undefined class 'ExcelColor'. Try changing the name to the name of an existing class, or creating a class with the name 'ExcelColor' - lib\services\export\excel_export_service.dart:50:7 - undefined_class
  error - Undefined name 'ExcelColor'. Try correcting the name to one that is defined, or defining the name - lib\services\export\excel_export_service.dart:53:23 - undefined_identifier
  error - Undefined name 'ExcelColor'. Try correcting the name to one that is defined, or defining the name - lib\services\export\excel_export_service.dart:56:23 - undefined_identifier
  error - Undefined name 'ExcelColor'. Try correcting the name to one that is defined, or defining the name - lib\services\export\excel_export_service.dart:59:23 - undefined_identifier
  error - The method 'TextCellValue' isn't defined for the type 'ExcelExportService'. Try correcting the name to the name of an existing method, or defining a method named 'TextCellValue' - lib\services\export\excel_export_service.dart:63:9 - undefined_method
  error - The method 'TextCellValue' isn't defined for the type 'ExcelExportService'. Try correcting the name to the name of an existing method, or defining a method named 'TextCellValue' - lib\services\export\excel_export_service.dart:64:9 - undefined_method
  error - The method 'TextCellValue' isn't defined for the type 'ExcelExportService'. Try correcting the name to the name of an existing method, or defining a method named 'TextCellValue' - lib\services\export\excel_export_service.dart:65:9 - undefined_method
  error - The method 'TextCellValue' isn't defined for the type 'ExcelExportService'. Try correcting the name to the name of an existing method, or defining a method named 'TextCellValue' - lib\services\export\excel_export_service.dart:66:9 - undefined_method
  error - The method 'TextCellValue' isn't defined for the type 'ExcelExportService'. Try correcting the name to the name of an existing method, or defining a method named 'TextCellValue' - lib\services\export\excel_export_service.dart:67:9 - undefined_method
  error - The method 'TextCellValue' isn't defined for the type 'ExcelExportService'. Try correcting the name to the name of an existing method, or defining a method named 'TextCellValue' - lib\services\export\excel_export_service.dart:68:9 - undefined_method
  error - The method 'TextCellValue' isn't defined for the type 'ExcelExportService'. Try correcting the name to the name of an existing method, or defining a method named 'TextCellValue' - lib\services\export\excel_export_service.dart:69:9 - undefined_method
  error - Undefined name 'CellIndex'. Try correcting the name to one that is defined, or defining the name - lib\services\export\excel_export_service.dart:74:35 - undefined_identifier
  error - The method 'CellStyle' isn't defined for the type 'ExcelExportService'. Try correcting the name to the name of an existing method, or defining a method named 'CellStyle' - lib\services\export\excel_export_service.dart:75:28 - undefined_method
  error - Undefined name 'ExcelColor'. Try correcting the name to one that is defined, or defining the name - lib\services\export\excel_export_service.dart:77:15 - undefined_identifier
  error - Undefined name 'ExcelColor'. Try correcting the name to one that is defined, or defining the name - lib\services\export\excel_export_service.dart:79:19 - undefined_identifier
  error - Undefined name 'ExcelColor'. Try correcting the name to one that is defined, or defining the name - lib\services\export\excel_export_service.dart:80:19 - undefined_identifier
  error - Undefined name 'CellIndex'. Try correcting the name to one that is defined, or defining the name - lib\services\export\excel_export_service.dart:84:37 - undefined_identifier
  error - The method 'CellStyle' isn't defined for the type 'ExcelExportService'. Try correcting the name to the name of an existing method, or defining a method named 'CellStyle' - lib\services\export\excel_export_service.dart:85:30 - undefined_method
  error - Undefined name 'CellIndex'. Try correcting the name to one that is defined, or defining the name - lib\services\export\excel_export_service.dart:93:17 - undefined_identifier
  error - Undefined name 'CellIndex'. Try correcting the name to one that is defined, or defining the name - lib\services\export\excel_export_service.dart:93:56 - undefined_identifier
  error - Undefined name 'CellIndex'. Try correcting the name to one that is defined, or defining the name - lib\services\export\excel_export_service.dart:94:16 - undefined_identifier
  error - The method 'TextCellValue' isn't defined for the type 'ExcelExportService'. Try correcting the name to the name of an existing method, or defining a method named 'TextCellValue' - lib\services\export\excel_export_service.dart:95:17 - undefined_method
  error - The method 'CellStyle' isn't defined for the type 'ExcelExportService'. Try correcting the name to the name of an existing method, or defining a method named 'CellStyle' - lib\services\export\excel_export_service.dart:96:21 - undefined_method
  error - Undefined name 'HorizontalAlign'. Try correcting the name to one that is defined, or defining the name - lib\services\export\excel_export_service.dart:98:26 - undefined_identifier
  error - Undefined name 'ExcelColor'. Try correcting the name to one that is defined, or defining the name - lib\services\export\excel_export_service.dart:99:29 - undefined_identifier
  error - Undefined name 'Excel'. Try correcting the name to one that is defined, or defining the name - lib\services\export\excel_export_service.dart:114:19 - undefined_identifier
  error - Undefined name 'CellIndex'. Try correcting the name to one that is defined, or defining the name - lib\services\export\excel_export_service.dart:117:17 - undefined_identifier
  error - Undefined name 'CellIndex'. Try correcting the name to one that is defined, or defining the name - lib\services\export\excel_export_service.dart:117:48 - undefined_identifier
  error - Undefined name 'CellIndex'. Try correcting the name to one that is defined, or defining the name - lib\services\export\excel_export_service.dart:118:16 - undefined_identifier
  error - The method 'TextCellValue' isn't defined for the type 'ExcelExportService'. Try correcting the name to the name of an existing method, or defining a method named 'TextCellValue' - lib\services\export\excel_export_service.dart:119:17 - undefined_method
  error - The method 'CellStyle' isn't defined for the type 'ExcelExportService'. Try correcting the name to the name of an existing method, or defining a method named 'CellStyle' - lib\services\export\excel_export_service.dart:120:21 - undefined_method
  error - Undefined name 'HorizontalAlign'. Try correcting the name to one that is defined, or defining the name - lib\services\export\excel_export_service.dart:123:26 - undefined_identifier
  error - Undefined name 'ExcelColor'. Try correcting the name to one that is defined, or defining the name - lib\services\export\excel_export_service.dart:124:29 - undefined_identifier
  error - Undefined name 'ExcelColor'. Try correcting the name to one that is defined, or defining the name - lib\services\export\excel_export_service.dart:125:23 - undefined_identifier
  error - The method 'TextCellValue' isn't defined for the type 'ExcelExportService'. Try correcting the name to the name of an existing method, or defining a method named 'TextCellValue' - lib\services\export\excel_export_service.dart:130:40 - undefined_method
  error - The method 'TextCellValue' isn't defined for the type 'ExcelExportService'. Try correcting the name to the name of an existing method, or defining a method named 'TextCellValue' - lib\services\export\excel_export_service.dart:135:9 - undefined_method
  error - The method 'TextCellValue' isn't defined for the type 'ExcelExportService'. Try correcting the name to the name of an existing method, or defining a method named 'TextCellValue' - lib\services\export\excel_export_service.dart:136:9 - undefined_method
  error - The method 'TextCellValue' isn't defined for the type 'ExcelExportService'. Try correcting the name to the name of an existing method, or defining a method named 'TextCellValue' - lib\services\export\excel_export_service.dart:137:9 - undefined_method
  error - The method 'TextCellValue' isn't defined for the type 'ExcelExportService'. Try correcting the name to the name of an existing method, or defining a method named 'TextCellValue' - lib\services\export\excel_export_service.dart:138:9 - undefined_method
  error - The method 'TextCellValue' isn't defined for the type 'ExcelExportService'. Try correcting the name to the name of an existing method, or defining a method named 'TextCellValue' - lib\services\export\excel_export_service.dart:139:9 - undefined_method
   info - The imported package 'pdf' isn't a dependency of the importing package. Try adding a dependency for 'pdf' in the 'pubspec.yaml' file - lib\services\export\pdf_export_service.dart:2:8 - depend_on_referenced_packages
  error - Target of URI doesn't exist: 'package:pdf/pdf.dart'. Try creating the file referenced by the URI, or try using a URI for a file that does exist - lib\services\export\pdf_export_service.dart:2:8 - uri_does_not_exist
   info - The imported package 'pdf' isn't a dependency of the importing package. Try adding a dependency for 'pdf' in the 'pubspec.yaml' file - lib\services\export\pdf_export_service.dart:3:8 - depend_on_referenced_packages
  error - Target of URI doesn't exist: 'package:pdf/widgets.dart'. Try creating the file referenced by the URI, or try using a URI for a file that does exist - lib\services\export\pdf_export_service.dart:3:8 - uri_does_not_exist
   info - Unnecessary escape in string literal. Remove the '\' escape - lib\services\export\pdf_export_service.dart:4:9 - unnecessary_string_escapes
   info - Unnecessary escape in string literal. Remove the '\' escape - lib\services\export\pdf_export_service.dart:4:11 - unnecessary_string_escapes
   info - Unnecessary escape in string literal. Remove the '\' escape - lib\services\export\pdf_export_service.dart:4:13 - unnecessary_string_escapes
   info - Unnecessary escape in string literal. Remove the '\' escape - lib\services\export\pdf_export_service.dart:4:15 - unnecessary_string_escapes
   info - Unnecessary escape in string literal. Remove the '\' escape - lib\services\export\pdf_export_service.dart:4:17 - unnecessary_string_escapes
   info - Unnecessary escape in string literal. Remove the '\' escape - lib\services\export\pdf_export_service.dart:4:19 - unnecessary_string_escapes
   info - Unnecessary escape in string literal. Remove the '\' escape - lib\services\export\pdf_export_service.dart:4:27 - unnecessary_string_escapes
   info - Unnecessary escape in string literal. Remove the '\' escape - lib\services\export\pdf_export_service.dart:5:9 - unnecessary_string_escapes
   info - Unnecessary escape in string literal. Remove the '\' escape - lib\services\export\pdf_export_service.dart:5:11 - unnecessary_string_escapes
   info - Unnecessary escape in string literal. Remove the '\' escape - lib\services\export\pdf_export_service.dart:5:13 - unnecessary_string_escapes
   info - Unnecessary escape in string literal. Remove the '\' escape - lib\services\export\pdf_export_service.dart:5:15 - unnecessary_string_escapes
   info - Unnecessary escape in string literal. Remove the '\' escape - lib\services\export\pdf_export_service.dart:5:17 - unnecessary_string_escapes
   info - Unnecessary escape in string literal. Remove the '\' escape - lib\services\export\pdf_export_service.dart:5:19 - unnecessary_string_escapes
   info - Unnecessary escape in string literal. Remove the '\' escape - lib\services\export\pdf_export_service.dart:5:27 - unnecessary_string_escapes
  error - Undefined name 'PdfPageFormat'. Try correcting the name to one that is defined, or defining the name - lib\services\export\pdf_export_service.dart:18:21 - undefined_identifier
  error - Undefined name 'PdfColors'. Try correcting the name to one that is defined, or defining the name - lib\services\export\pdf_export_service.dart:30:28 - undefined_identifier
  error - Undefined name 'PdfColors'. Try correcting the name to one that is defined, or defining the name - lib\services\export\pdf_export_service.dart:40:28 - undefined_identifier
  error - Undefined name 'PdfColors'. Try correcting the name to one that is defined, or defining the name - lib\services\export\pdf_export_service.dart:47:51 - undefined_identifier
  error - Undefined name 'PdfColors'. Try correcting the name to one that is defined, or defining the name - lib\services\export\pdf_export_service.dart:59:63 - undefined_identifier
  error - The getter 'countedQuantity' isn't defined for the type 'StocktakeModel'. Try importing the library that defines 'countedQuantity', correcting the name to the name of an existing getter, or defining a getter or field named 'countedQuantity' - lib\services\export\pdf_export_service.dart:76:47 - undefined_getter
  error - Undefined class 'PdfColor'. Try changing the name to the name of an existing class, or creating a class with the name 'PdfColor' - lib\services\export\pdf_export_service.dart:79:21 - undefined_class
  error - Undefined name 'PdfColors'. Try correcting the name to one that is defined, or defining the name - lib\services\export\pdf_export_service.dart:83:37 - undefined_identifier
  error - Undefined name 'PdfColors'. Try correcting the name to one that is defined, or defining the name - lib\services\export\pdf_export_service.dart:86:37 - undefined_identifier
  error - Undefined name 'PdfColors'. Try correcting the name to one that is defined, or defining the name - lib\services\export\pdf_export_service.dart:89:37 - undefined_identifier
   info - Unnecessary use of 'toList' in a spread. Try removing the invocation of 'toList' - lib\services\export\pdf_export_service.dart:103:22 - unnecessary_to_list_in_spreads
  error - The getter 'countedQuantity' isn't defined for the type 'StocktakeModel'. Try importing the library that defines 'countedQuantity', correcting the name to the name of an existing getter, or defining a getter or field named 'countedQuantity' - lib\services\export\pdf_export_service.dart:118:32 - undefined_getter
  error - Undefined name 'PdfColors'. Try correcting the name to one that is defined, or defining the name - lib\services\export\pdf_export_service.dart:120:54 - undefined_identifier
  error - Undefined class 'PdfColor'. Try changing the name to the name of an existing class, or creating a class with the name 'PdfColor' - lib\services\export\pdf_export_service.dart:146:44 - undefined_class
   info - 'dart:html' is deprecated and shouldn't be used. Use package:web and dart:js_interop instead. Try replacing the use of the deprecated member with the replacement - lib\services\export\web_download_service.dart:1:1 - deprecated_member_use
   info - Don't use web-only libraries outside Flutter web plugins. Try finding a different library for your needs - lib\services\export\web_download_service.dart:1:1 - avoid_web_libraries_in_flutter
warning - The value of the local variable 'anchor' isn't used. Try removing the variable or using it - lib\services\export\web_download_service.dart:12:11 - unused_local_variable

